---
source: pallas-txbuilder/tests/builder.rs
expression: "&cbor"
---
- 0:
    - - - 0
        - 0
        - 0
        - 0
        - 0
        - 0
        - 0
        - 0
        - 0
        - 0
        - 0
        - 0
        - 0
        - 0
        - 0
        - 0
        - 0
        - 0
        - 0
        - 0
        - 0
        - 0
        - 0
        - 0
        - 0
        - 0
        - 0
        - 0
        - 0
        - 0
        - 0
        - 0
      - 0
  1:
    - 0: []
      1: 1000000
  2: 163995
  15: 1
- 1:
    - - 1
      - - - 0
          - - 0
            - 0
            - 0
            - 0
            - 0
            - 0
            - 0
            - 0
            - 0
            - 0
            - 0
            - 0
            - 0
            - 0
            - 0
            - 0
            - 0
            - 0
            - 0
            - 0
            - 0
            - 0
            - 0
            - 0
            - 0
            - 0
            - 0
            - 0
- true

