---
source: pallas-txbuilder/tests/builder.rs
expression: "&cbor"
---
- 0:
    - - - 0
        - 0
        - 0
        - 0
        - 0
        - 0
        - 0
        - 0
        - 0
        - 0
        - 0
        - 0
        - 0
        - 0
        - 0
        - 0
        - 0
        - 0
        - 0
        - 0
        - 0
        - 0
        - 0
        - 0
        - 0
        - 0
        - 0
        - 0
        - 0
        - 0
        - 0
        - 0
      - 0
  1:
    - 0: []
      1: 1000000
  2: 161182
  15: 1
- 4:
    - 1: 2
- true

