---
source: pallas-txbuilder/tests/builder.rs
expression: "&cbor"
---
- 0:
    - - - 0
        - 0
        - 0
        - 0
        - 0
        - 0
        - 0
        - 0
        - 0
        - 0
        - 0
        - 0
        - 0
        - 0
        - 0
        - 0
        - 0
        - 0
        - 0
        - 0
        - 0
        - 0
        - 0
        - 0
        - 0
        - 0
        - 0
        - 0
        - 0
        - 0
        - 0
        - 0
      - 0
  1:
    - 0: []
      1: 999998
  2: 164259
  13:
    - - - 0
        - 0
        - 0
        - 0
        - 0
        - 0
        - 0
        - 0
        - 0
        - 0
        - 0
        - 0
        - 0
        - 0
        - 0
        - 0
        - 0
        - 0
        - 0
        - 0
        - 0
        - 0
        - 0
        - 0
        - 0
        - 0
        - 0
        - 0
        - 0
        - 0
        - 0
        - 0
      - 1
  15: 1
  16:
    0: []
    1: 2
- {}
- true

